  Determining projects to restore...
E:\BootcampFormulatrix\BootcampFormulatrix\MeetingRoomBookingAPI\MeetingRoomBookingAPI.Infrastructure\MeetingRoomBookingAPI.Infrastructure.csproj : warning NU1608: Detected package version outside of dependency constraint: AutoMapper.Extensions.Microsoft.DependencyInjection 12.0.1 requires AutoMapper (= 12.0.1) but version AutoMapper 16.0.0 was resolved. [E:\BootcampFormulatrix\BootcampFormulatrix\MeetingRoomBookingAPI\MeetingRoomBookingAPI.API\MeetingRoomBookingAPI.API.csproj]
E:\BootcampFormulatrix\BootcampFormulatrix\MeetingRoomBookingAPI\MeetingRoomBookingAPI.Application\MeetingRoomBookingAPI.Application.csproj : warning NU1608: Detected package version outside of dependency constraint: AutoMapper.Extensions.Microsoft.DependencyInjection 12.0.1 requires AutoMapper (= 12.0.1) but version AutoMapper 16.0.0 was resolved. [E:\BootcampFormulatrix\BootcampFormulatrix\MeetingRoomBookingAPI\MeetingRoomBookingAPI.API\MeetingRoomBookingAPI.API.csproj]
E:\BootcampFormulatrix\BootcampFormulatrix\MeetingRoomBookingAPI\MeetingRoomBookingAPI.API\MeetingRoomBookingAPI.API.csproj : warning NU1608: Detected package version outside of dependency constraint: AutoMapper.Extensions.Microsoft.DependencyInjection 12.0.1 requires AutoMapper (= 12.0.1) but version AutoMapper 16.0.0 was resolved.
  All projects are up-to-date for restore.
E:\BootcampFormulatrix\BootcampFormulatrix\MeetingRoomBookingAPI\MeetingRoomBookingAPI.API\MeetingRoomBookingAPI.API.csproj : warning NU1608: Detected package version outside of dependency constraint: AutoMapper.Extensions.Microsoft.DependencyInjection 12.0.1 requires AutoMapper (= 12.0.1) but version AutoMapper 16.0.0 was resolved.
E:\BootcampFormulatrix\BootcampFormulatrix\MeetingRoomBookingAPI\MeetingRoomBookingAPI.Application\MeetingRoomBookingAPI.Application.csproj : warning NU1608: Detected package version outside of dependency constraint: AutoMapper.Extensions.Microsoft.DependencyInjection 12.0.1 requires AutoMapper (= 12.0.1) but version AutoMapper 16.0.0 was resolved.
E:\BootcampFormulatrix\BootcampFormulatrix\MeetingRoomBookingAPI\MeetingRoomBookingAPI.Infrastructure\MeetingRoomBookingAPI.Infrastructure.csproj : warning NU1608: Detected package version outside of dependency constraint: AutoMapper.Extensions.Microsoft.DependencyInjection 12.0.1 requires AutoMapper (= 12.0.1) but version AutoMapper 16.0.0 was resolved.
  MeetingRoomBookingAPI.Domain -> E:\BootcampFormulatrix\BootcampFormulatrix\MeetingRoomBookingAPI\MeetingRoomBookingAPI.Domain\bin\Debug\net8.0\MeetingRoomBookingAPI.Domain.dll
E:\BootcampFormulatrix\BootcampFormulatrix\MeetingRoomBookingAPI\MeetingRoomBookingAPI.Application\Services\UserService.cs(11,17): error CS0234: The type or namespace name 'EntityFrameworkCore' does not exist in the namespace 'Microsoft' (are you missing an assembly reference?) [E:\BootcampFormulatrix\BootcampFormulatrix\MeetingRoomBookingAPI\MeetingRoomBookingAPI.Application\MeetingRoomBookingAPI.Application.csproj]

Build FAILED.

E:\BootcampFormulatrix\BootcampFormulatrix\MeetingRoomBookingAPI\MeetingRoomBookingAPI.Infrastructure\MeetingRoomBookingAPI.Infrastructure.csproj : warning NU1608: Detected package version outside of dependency constraint: AutoMapper.Extensions.Microsoft.DependencyInjection 12.0.1 requires AutoMapper (= 12.0.1) but version AutoMapper 16.0.0 was resolved. [E:\BootcampFormulatrix\BootcampFormulatrix\MeetingRoomBookingAPI\MeetingRoomBookingAPI.API\MeetingRoomBookingAPI.API.csproj]
E:\BootcampFormulatrix\BootcampFormulatrix\MeetingRoomBookingAPI\MeetingRoomBookingAPI.Application\MeetingRoomBookingAPI.Application.csproj : warning NU1608: Detected package version outside of dependency constraint: AutoMapper.Extensions.Microsoft.DependencyInjection 12.0.1 requires AutoMapper (= 12.0.1) but version AutoMapper 16.0.0 was resolved. [E:\BootcampFormulatrix\BootcampFormulatrix\MeetingRoomBookingAPI\MeetingRoomBookingAPI.API\MeetingRoomBookingAPI.API.csproj]
E:\BootcampFormulatrix\BootcampFormulatrix\MeetingRoomBookingAPI\MeetingRoomBookingAPI.API\MeetingRoomBookingAPI.API.csproj : warning NU1608: Detected package version outside of dependency constraint: AutoMapper.Extensions.Microsoft.DependencyInjection 12.0.1 requires AutoMapper (= 12.0.1) but version AutoMapper 16.0.0 was resolved.
E:\BootcampFormulatrix\BootcampFormulatrix\MeetingRoomBookingAPI\MeetingRoomBookingAPI.API\MeetingRoomBookingAPI.API.csproj : warning NU1608: Detected package version outside of dependency constraint: AutoMapper.Extensions.Microsoft.DependencyInjection 12.0.1 requires AutoMapper (= 12.0.1) but version AutoMapper 16.0.0 was resolved.
E:\BootcampFormulatrix\BootcampFormulatrix\MeetingRoomBookingAPI\MeetingRoomBookingAPI.Application\MeetingRoomBookingAPI.Application.csproj : warning NU1608: Detected package version outside of dependency constraint: AutoMapper.Extensions.Microsoft.DependencyInjection 12.0.1 requires AutoMapper (= 12.0.1) but version AutoMapper 16.0.0 was resolved.
E:\BootcampFormulatrix\BootcampFormulatrix\MeetingRoomBookingAPI\MeetingRoomBookingAPI.Infrastructure\MeetingRoomBookingAPI.Infrastructure.csproj : warning NU1608: Detected package version outside of dependency constraint: AutoMapper.Extensions.Microsoft.DependencyInjection 12.0.1 requires AutoMapper (= 12.0.1) but version AutoMapper 16.0.0 was resolved.
E:\BootcampFormulatrix\BootcampFormulatrix\MeetingRoomBookingAPI\MeetingRoomBookingAPI.Application\Services\UserService.cs(11,17): error CS0234: The type or namespace name 'EntityFrameworkCore' does not exist in the namespace 'Microsoft' (are you missing an assembly reference?) [E:\BootcampFormulatrix\BootcampFormulatrix\MeetingRoomBookingAPI\MeetingRoomBookingAPI.Application\MeetingRoomBookingAPI.Application.csproj]
    6 Warning(s)
    1 Error(s)

Time Elapsed 00:00:00.86
